MAP
    NAME KVDgis
    STATUS ON
    SIZE 500 375
    IMAGETYPE png
    UNITS METERS
    EXTENT 22500 153500 260000 244000
    SHAPEPATH "c:/arcview"
    
    WEB
        IMAGEPATH "c:/apachefriends/xampp/htdocs/KVDgis/img/"
        IMAGEURL "img/"
    END
    
    SCALEBAR
        TRANSPARENT ON
        BACKGROUNDCOLOR 254 254 254
        STATUS ON
        POSITION LR
        STYLE 1
        UNITS meters
    END

    LEGEND
        TRANSPARENT ON
        STATUS ON
        POSITION UL
    END

    QUERYMAP
        STATUS ON
        STYLE hilite
    END

    

    LAYER
        NAME "Topo 100.000"
        STATUS ON
        TILEINDEX "topoklvlindx.shp"
        TILEITEM "location"
        TYPE RASTER
        MAXSCALE 250000
        MINSCALE 25000
    END
    
    LAYER 
        NAME "Stratenatlas"
        STATUS ON
        TILEINDEX "stratenatlas.shp"
        TILEITEM "location"
        TYPE RASTER
        MAXSCALE 24999
        MINSCALE 0
    END

    LAYER
        NAME "Topo 10.000"
        STATUS ON
        TILEINDEX "topozwovlindx.shp"
        TILEITEM "location"
        TYPE RASTER
        OFFSITE 255 255 255
        MAXSCALE 14999
        MINSCALE 0
    END

    LAYER
        NAME "Provincies"
        TYPE POLYGON
        STATUS ON
        TRANSPARENCY 0
        DATA "prov.shp"
        MINSCALE 2500
        CLASS
            NAME "Provincies"
            STYLE 
                OUTLINECOLOR 150 45 23
                SYMBOL 'lijn'
                SIZE 4
            END
            TEMPLATE 'DUMMY'
        END
    END

    LAYER
        NAME "Gemeenten"
        TYPE POLYGON
        STATUS ON
        TRANSPARENCY 0
        DATA "gem.shp"
        MINSCALE 2500
        CLASS
            NAME "Gemeenten"
            STYLE
                OUTLINECOLOR 45 189 150
                SYMBOL 'lijn'
                SIZE 2
            END
            TEMPLATE 'DUMMY'
        END
    END

    LAYER
        NAME "Kadaster OVL"
        STATUS OFF
        TYPE RASTER
        TILEINDEX "Kadscan.shp"
        TILEITEM "Location"
        MAXSCALE 5000
        CLASS
            EXPRESSION "1"
            COLOR 0 0 0
        END
    END

   LAYER
        NAME "Kadaster OVL Punten"
        STATUS OFF
        TYPE POINT
        #TILEINDEX "KSOVL-P.shp"
        #TILEITEM "Location"
        CONNECTIONTYPE postgis
        CONNECTION "user=postgres dbname=CAI host=localhost password=foefhal9"
        DATA "the_geom from alg_gis.ksovl_p using unique gid using SRID=-1"
        MAXSCALE 7500
        CLASS
            NAME "Perceel Info"
            STYLE
                COLOR 0 0 255
                SYMBOL 'perceel'
                SIZE 10
            END
            TEMPLATE 'DUMMY'
        END
    END

    SYMBOL
        NAME 'perceel'
        TYPE ellipse
        POINTS
            1 1
        END
        FILLED TRUE
    END

    SYMBOL
        NAME "monument"
        TYPE vector
        POINTS
            0 4
            2 0
            4 4
            0 4
        END
        FILLED TRUE
    END

    SYMBOL
        NAME 'lijn'
        TYPE ELLIPSE
        POINTS 
            1 1 
        END
        FILLED true
    END

    SYMBOL
        NAME 'onderbroken lijn'
        TYPE ELLIPSE
        POINTS 1 1 END
        STYLE 5 5 END
        FILLED true
    END

END
